// Jest Snapshot v1, https://goo.gl/fbAQLP

exports[`RequireAdmin Component should render without crashing 1`] = `
<Route>
  <Component />
</Route>
`;
