// Jest Snapshot v1, https://goo.gl/fbAQLP

exports[`Dashboard component Component rendering and methods should match snapshot 1`] = `
ShallowWrapper {
  Symbol(enzyme.__root__): [Circular],
  Symbol(enzyme.__unrendered__): <Dashboard
    errorMessage="Oops! Something went wrong. Please try again."
    history={Object {}}
    incidents={
      Array [
        Object {
          "Level": Object {
            "name": "Red",
          },
          "Location": Object {
            "centre": "Nairobi",
            "country": "Kenya",
            "name": "Quiet Room",
          },
          "Status": Object {
            "status": "In Progress",
          },
          "assignees": Array [
            Object {
              "assignedRole": "ccd",
              "createdAt": "2018-03-20T15:45:48.778Z",
              "email": "caroline.nkirote@andela.com",
              "id": "-KhLsLqucbC1WAMylcFt",
              "imageUrl": "https://lh4.googleusercontent.com/-rVipu2W1sBk/AAAAAAAAAAI/AAAAAAAAACQ/rOgW25IUgb8/photo.jpg",
              "roleId": 2,
              "updatedAt": "2018-03-20T15:45:48.778Z",
              "username": "Caroline Nkirote",
            },
            Object {
              "assignedRole": "assignee",
              "createdAt": "2018-03-20T15:45:48.778Z",
              "email": "mercy.muchai@andela.com",
              "id": "-KhLsOxrKcKZC8i2n888",
              "imageUrl": "https://lh3.googleusercontent.com/-XxYl2Ryrfns/AAAAAAAAAAI/AAAAAAAAABg/QJRPuQnerrk/photo.jpg",
              "roleId": 2,
              "updatedAt": "2018-03-20T15:45:48.778Z",
              "username": "Mercy Muchai",
            },
          ],
          "categoryId": 4,
          "chats": Array [],
          "createdAt": "2018-03-20T15:48:15.380Z",
          "dateOccurred": "2018-02-02T00:00:00.000Z",
          "description": "Some random thing happened and I didnt like it",
          "id": "cjezu2kr700010wx1yy6kxu5z",
          "levelId": 1,
          "locationId": "cjezu2kqo00000wx1a5u0i2xt",
          "notes": Array [],
          "reporter": Object {
            "createdAt": "2018-03-20T15:45:48.778Z",
            "email": "caroline.nkirote@andela.com",
            "id": "-KhLsLqucbC1WAMylcFt",
            "imageUrl": "https://lh4.googleusercontent.com/-rVipu2W1sBk/AAAAAAAAAAI/AAAAAAAAACQ/rOgW25IUgb8/photo.jpg",
            "roleId": 2,
            "updatedAt": "2018-03-20T15:45:48.778Z",
            "username": "Caroline Nkirote",
          },
          "statusId": 2,
          "subject": "Theft",
          "updatedAt": "2018-03-21T09:02:41.309Z",
        },
        Object {
          "Level": Object {
            "name": "Yellow",
          },
          "Location": Object {
            "centre": "Lagos",
            "country": "Nigeria",
            "name": "First Floor",
          },
          "Status": Object {
            "status": "In Progress",
          },
          "assignees": Array [
            Object {
              "assignedRole": "ccd",
              "createdAt": "2018-03-20T15:45:48.778Z",
              "email": "caroline.nkirote@andela.com",
              "id": "-KhLsLqucbC1WAMylcFt",
              "imageUrl": "https://lh4.googleusercontent.com/-rVipu2W1sBk/AAAAAAAAAAI/AAAAAAAAACQ/rOgW25IUgb8/photo.jpg",
              "roleId": 2,
              "updatedAt": "2018-03-20T15:45:48.778Z",
              "username": "Caroline Nkirote",
            },
            Object {
              "assignedRole": "assignee",
              "createdAt": "2018-03-20T15:45:48.778Z",
              "email": "mercy.muchai@andela.com",
              "id": "-KhLsOxrKcKZC8i2n888",
              "imageUrl": "https://lh3.googleusercontent.com/-XxYl2Ryrfns/AAAAAAAAAAI/AAAAAAAAABg/QJRPuQnerrk/photo.jpg",
              "roleId": 2,
              "updatedAt": "2018-03-20T15:45:48.778Z",
              "username": "Mercy Muchai",
            },
          ],
          "categoryId": 4,
          "createdAt": "2018-03-20T15:48:15.380Z",
          "dateOccurred": "2018-02-02T00:00:00.000Z",
          "description": "Some other random thing happened and I hated it",
          "id": "cjezu2kr700010wx1yy6kxu5y",
          "levelId": 1,
          "locationId": "cjezu2kqo00000wx1a5u0i2xt",
          "reporter": Object {
            "createdAt": "2018-03-20T15:45:48.778Z",
            "email": "caroline.nkirote@andela.com",
            "id": "-KhLsLqucbC1WAMylcFt",
            "imageUrl": "https://lh4.googleusercontent.com/-rVipu2W1sBk/AAAAAAAAAAI/AAAAAAAAACQ/rOgW25IUgb8/photo.jpg",
            "roleId": 2,
            "updatedAt": "2018-03-20T15:45:48.778Z",
            "username": "Caroline Nkirote",
          },
          "statusId": 2,
          "subject": "Fighting",
          "updatedAt": "2018-03-21T09:02:41.309Z",
        },
      ]
    }
    isError={false}
    isLoading={false}
    loadIncidents={
      [MockFunction] {
        "calls": Array [
          Array [],
        ],
      }
    }
    location={Object {}}
  />,
  Symbol(enzyme.__renderer__): Object {
    "batchedUpdates": [Function],
    "checkPropTypes": [Function],
    "getNode": [Function],
    "render": [Function],
    "simulateError": [Function],
    "simulateEvent": [Function],
    "unmount": [Function],
  },
  Symbol(enzyme.__node__): Object {
    "instance": null,
    "key": undefined,
    "nodeType": "host",
    "props": Object {
      "children": Array [
        <NavBar
          errorMessage="Oops! Something went wrong. Please try again."
          history={Object {}}
          incidents={
            Array [
              Object {
                "Level": Object {
                  "name": "Red",
                },
                "Location": Object {
                  "centre": "Nairobi",
                  "country": "Kenya",
                  "name": "Quiet Room",
                },
                "Status": Object {
                  "status": "In Progress",
                },
                "assignees": Array [
                  Object {
                    "assignedRole": "ccd",
                    "createdAt": "2018-03-20T15:45:48.778Z",
                    "email": "caroline.nkirote@andela.com",
                    "id": "-KhLsLqucbC1WAMylcFt",
                    "imageUrl": "https://lh4.googleusercontent.com/-rVipu2W1sBk/AAAAAAAAAAI/AAAAAAAAACQ/rOgW25IUgb8/photo.jpg",
                    "roleId": 2,
                    "updatedAt": "2018-03-20T15:45:48.778Z",
                    "username": "Caroline Nkirote",
                  },
                  Object {
                    "assignedRole": "assignee",
                    "createdAt": "2018-03-20T15:45:48.778Z",
                    "email": "mercy.muchai@andela.com",
                    "id": "-KhLsOxrKcKZC8i2n888",
                    "imageUrl": "https://lh3.googleusercontent.com/-XxYl2Ryrfns/AAAAAAAAAAI/AAAAAAAAABg/QJRPuQnerrk/photo.jpg",
                    "roleId": 2,
                    "updatedAt": "2018-03-20T15:45:48.778Z",
                    "username": "Mercy Muchai",
                  },
                ],
                "categoryId": 4,
                "chats": Array [],
                "createdAt": "2018-03-20T15:48:15.380Z",
                "dateOccurred": "2018-02-02T00:00:00.000Z",
                "description": "Some random thing happened and I didnt like it",
                "id": "cjezu2kr700010wx1yy6kxu5z",
                "levelId": 1,
                "locationId": "cjezu2kqo00000wx1a5u0i2xt",
                "notes": Array [],
                "reporter": Object {
                  "createdAt": "2018-03-20T15:45:48.778Z",
                  "email": "caroline.nkirote@andela.com",
                  "id": "-KhLsLqucbC1WAMylcFt",
                  "imageUrl": "https://lh4.googleusercontent.com/-rVipu2W1sBk/AAAAAAAAAAI/AAAAAAAAACQ/rOgW25IUgb8/photo.jpg",
                  "roleId": 2,
                  "updatedAt": "2018-03-20T15:45:48.778Z",
                  "username": "Caroline Nkirote",
                },
                "statusId": 2,
                "subject": "Theft",
                "updatedAt": "2018-03-21T09:02:41.309Z",
              },
              Object {
                "Level": Object {
                  "name": "Yellow",
                },
                "Location": Object {
                  "centre": "Lagos",
                  "country": "Nigeria",
                  "name": "First Floor",
                },
                "Status": Object {
                  "status": "In Progress",
                },
                "assignees": Array [
                  Object {
                    "assignedRole": "ccd",
                    "createdAt": "2018-03-20T15:45:48.778Z",
                    "email": "caroline.nkirote@andela.com",
                    "id": "-KhLsLqucbC1WAMylcFt",
                    "imageUrl": "https://lh4.googleusercontent.com/-rVipu2W1sBk/AAAAAAAAAAI/AAAAAAAAACQ/rOgW25IUgb8/photo.jpg",
                    "roleId": 2,
                    "updatedAt": "2018-03-20T15:45:48.778Z",
                    "username": "Caroline Nkirote",
                  },
                  Object {
                    "assignedRole": "assignee",
                    "createdAt": "2018-03-20T15:45:48.778Z",
                    "email": "mercy.muchai@andela.com",
                    "id": "-KhLsOxrKcKZC8i2n888",
                    "imageUrl": "https://lh3.googleusercontent.com/-XxYl2Ryrfns/AAAAAAAAAAI/AAAAAAAAABg/QJRPuQnerrk/photo.jpg",
                    "roleId": 2,
                    "updatedAt": "2018-03-20T15:45:48.778Z",
                    "username": "Mercy Muchai",
                  },
                ],
                "categoryId": 4,
                "createdAt": "2018-03-20T15:48:15.380Z",
                "dateOccurred": "2018-02-02T00:00:00.000Z",
                "description": "Some other random thing happened and I hated it",
                "id": "cjezu2kr700010wx1yy6kxu5y",
                "levelId": 1,
                "locationId": "cjezu2kqo00000wx1a5u0i2xt",
                "reporter": Object {
                  "createdAt": "2018-03-20T15:45:48.778Z",
                  "email": "caroline.nkirote@andela.com",
                  "id": "-KhLsLqucbC1WAMylcFt",
                  "imageUrl": "https://lh4.googleusercontent.com/-rVipu2W1sBk/AAAAAAAAAAI/AAAAAAAAACQ/rOgW25IUgb8/photo.jpg",
                  "roleId": 2,
                  "updatedAt": "2018-03-20T15:45:48.778Z",
                  "username": "Caroline Nkirote",
                },
                "statusId": 2,
                "subject": "Fighting",
                "updatedAt": "2018-03-21T09:02:41.309Z",
              },
            ]
          }
          isError={false}
          isLoading={false}
          loadIncidents={
            [MockFunction] {
              "calls": Array [
                Array [],
              ],
            }
          }
          location={Object {}}
          notify={true}
          showSearch={true}
        />,
        <div>
          <IncidentFilter
            changeCountryFilter={[Function]}
            changeMineAll={[Function]}
            changeTime={[Function]}
            filterByFlag={[Function]}
            filterByType={[Function]}
            incident={undefined}
          />
          <div
            className="dashboard-container"
          >
            <IncidentList
              incidents={Array []}
              incidentsType="Pending"
            />
          </div>
        </div>,
        <CustomNotification
          message="Oops! Something went wrong. Please try again."
          open={false}
          type="error"
        />,
      ],
    },
    "ref": null,
    "rendered": Array [
      Object {
        "instance": null,
        "key": undefined,
        "nodeType": "class",
        "props": Object {
          "errorMessage": "Oops! Something went wrong. Please try again.",
          "history": Object {},
          "incidents": Array [
            Object {
              "Level": Object {
                "name": "Red",
              },
              "Location": Object {
                "centre": "Nairobi",
                "country": "Kenya",
                "name": "Quiet Room",
              },
              "Status": Object {
                "status": "In Progress",
              },
              "assignees": Array [
                Object {
                  "assignedRole": "ccd",
                  "createdAt": "2018-03-20T15:45:48.778Z",
                  "email": "caroline.nkirote@andela.com",
                  "id": "-KhLsLqucbC1WAMylcFt",
                  "imageUrl": "https://lh4.googleusercontent.com/-rVipu2W1sBk/AAAAAAAAAAI/AAAAAAAAACQ/rOgW25IUgb8/photo.jpg",
                  "roleId": 2,
                  "updatedAt": "2018-03-20T15:45:48.778Z",
                  "username": "Caroline Nkirote",
                },
                Object {
                  "assignedRole": "assignee",
                  "createdAt": "2018-03-20T15:45:48.778Z",
                  "email": "mercy.muchai@andela.com",
                  "id": "-KhLsOxrKcKZC8i2n888",
                  "imageUrl": "https://lh3.googleusercontent.com/-XxYl2Ryrfns/AAAAAAAAAAI/AAAAAAAAABg/QJRPuQnerrk/photo.jpg",
                  "roleId": 2,
                  "updatedAt": "2018-03-20T15:45:48.778Z",
                  "username": "Mercy Muchai",
                },
              ],
              "categoryId": 4,
              "chats": Array [],
              "createdAt": "2018-03-20T15:48:15.380Z",
              "dateOccurred": "2018-02-02T00:00:00.000Z",
              "description": "Some random thing happened and I didnt like it",
              "id": "cjezu2kr700010wx1yy6kxu5z",
              "levelId": 1,
              "locationId": "cjezu2kqo00000wx1a5u0i2xt",
              "notes": Array [],
              "reporter": Object {
                "createdAt": "2018-03-20T15:45:48.778Z",
                "email": "caroline.nkirote@andela.com",
                "id": "-KhLsLqucbC1WAMylcFt",
                "imageUrl": "https://lh4.googleusercontent.com/-rVipu2W1sBk/AAAAAAAAAAI/AAAAAAAAACQ/rOgW25IUgb8/photo.jpg",
                "roleId": 2,
                "updatedAt": "2018-03-20T15:45:48.778Z",
                "username": "Caroline Nkirote",
              },
              "statusId": 2,
              "subject": "Theft",
              "updatedAt": "2018-03-21T09:02:41.309Z",
            },
            Object {
              "Level": Object {
                "name": "Yellow",
              },
              "Location": Object {
                "centre": "Lagos",
                "country": "Nigeria",
                "name": "First Floor",
              },
              "Status": Object {
                "status": "In Progress",
              },
              "assignees": Array [
                Object {
                  "assignedRole": "ccd",
                  "createdAt": "2018-03-20T15:45:48.778Z",
                  "email": "caroline.nkirote@andela.com",
                  "id": "-KhLsLqucbC1WAMylcFt",
                  "imageUrl": "https://lh4.googleusercontent.com/-rVipu2W1sBk/AAAAAAAAAAI/AAAAAAAAACQ/rOgW25IUgb8/photo.jpg",
                  "roleId": 2,
                  "updatedAt": "2018-03-20T15:45:48.778Z",
                  "username": "Caroline Nkirote",
                },
                Object {
                  "assignedRole": "assignee",
                  "createdAt": "2018-03-20T15:45:48.778Z",
                  "email": "mercy.muchai@andela.com",
                  "id": "-KhLsOxrKcKZC8i2n888",
                  "imageUrl": "https://lh3.googleusercontent.com/-XxYl2Ryrfns/AAAAAAAAAAI/AAAAAAAAABg/QJRPuQnerrk/photo.jpg",
                  "roleId": 2,
                  "updatedAt": "2018-03-20T15:45:48.778Z",
                  "username": "Mercy Muchai",
                },
              ],
              "categoryId": 4,
              "createdAt": "2018-03-20T15:48:15.380Z",
              "dateOccurred": "2018-02-02T00:00:00.000Z",
              "description": "Some other random thing happened and I hated it",
              "id": "cjezu2kr700010wx1yy6kxu5y",
              "levelId": 1,
              "locationId": "cjezu2kqo00000wx1a5u0i2xt",
              "reporter": Object {
                "createdAt": "2018-03-20T15:45:48.778Z",
                "email": "caroline.nkirote@andela.com",
                "id": "-KhLsLqucbC1WAMylcFt",
                "imageUrl": "https://lh4.googleusercontent.com/-rVipu2W1sBk/AAAAAAAAAAI/AAAAAAAAACQ/rOgW25IUgb8/photo.jpg",
                "roleId": 2,
                "updatedAt": "2018-03-20T15:45:48.778Z",
                "username": "Caroline Nkirote",
              },
              "statusId": 2,
              "subject": "Fighting",
              "updatedAt": "2018-03-21T09:02:41.309Z",
            },
          ],
          "isError": false,
          "isLoading": false,
          "loadIncidents": [MockFunction] {
            "calls": Array [
              Array [],
            ],
          },
          "location": Object {},
          "notify": true,
          "showSearch": true,
        },
        "ref": null,
        "rendered": null,
        "type": [Function],
      },
      Object {
        "instance": null,
        "key": undefined,
        "nodeType": "host",
        "props": Object {
          "children": Array [
            <IncidentFilter
              changeCountryFilter={[Function]}
              changeMineAll={[Function]}
              changeTime={[Function]}
              filterByFlag={[Function]}
              filterByType={[Function]}
              incident={undefined}
            />,
            <div
              className="dashboard-container"
            >
              <IncidentList
                incidents={Array []}
                incidentsType="Pending"
              />
            </div>,
          ],
        },
        "ref": null,
        "rendered": Array [
          Object {
            "instance": null,
            "key": undefined,
            "nodeType": "class",
            "props": Object {
              "changeCountryFilter": [Function],
              "changeMineAll": [Function],
              "changeTime": [Function],
              "filterByFlag": [Function],
              "filterByType": [Function],
              "incident": undefined,
            },
            "ref": null,
            "rendered": null,
            "type": [Function],
          },
          Object {
            "instance": null,
            "key": undefined,
            "nodeType": "host",
            "props": Object {
              "children": <IncidentList
                incidents={Array []}
                incidentsType="Pending"
              />,
              "className": "dashboard-container",
            },
            "ref": null,
            "rendered": Object {
              "instance": null,
              "key": undefined,
              "nodeType": "class",
              "props": Object {
                "incidents": Array [],
                "incidentsType": "Pending",
              },
              "ref": null,
              "rendered": null,
              "type": [Function],
            },
            "type": "div",
          },
        ],
        "type": "div",
      },
      Object {
        "instance": null,
        "key": undefined,
        "nodeType": "function",
        "props": Object {
          "message": "Oops! Something went wrong. Please try again.",
          "open": false,
          "type": "error",
        },
        "ref": null,
        "rendered": null,
        "type": [Function],
      },
    ],
    "type": "div",
  },
  Symbol(enzyme.__nodes__): Array [
    Object {
      "instance": null,
      "key": undefined,
      "nodeType": "host",
      "props": Object {
        "children": Array [
          <NavBar
            errorMessage="Oops! Something went wrong. Please try again."
            history={Object {}}
            incidents={
              Array [
                Object {
                  "Level": Object {
                    "name": "Red",
                  },
                  "Location": Object {
                    "centre": "Nairobi",
                    "country": "Kenya",
                    "name": "Quiet Room",
                  },
                  "Status": Object {
                    "status": "In Progress",
                  },
                  "assignees": Array [
                    Object {
                      "assignedRole": "ccd",
                      "createdAt": "2018-03-20T15:45:48.778Z",
                      "email": "caroline.nkirote@andela.com",
                      "id": "-KhLsLqucbC1WAMylcFt",
                      "imageUrl": "https://lh4.googleusercontent.com/-rVipu2W1sBk/AAAAAAAAAAI/AAAAAAAAACQ/rOgW25IUgb8/photo.jpg",
                      "roleId": 2,
                      "updatedAt": "2018-03-20T15:45:48.778Z",
                      "username": "Caroline Nkirote",
                    },
                    Object {
                      "assignedRole": "assignee",
                      "createdAt": "2018-03-20T15:45:48.778Z",
                      "email": "mercy.muchai@andela.com",
                      "id": "-KhLsOxrKcKZC8i2n888",
                      "imageUrl": "https://lh3.googleusercontent.com/-XxYl2Ryrfns/AAAAAAAAAAI/AAAAAAAAABg/QJRPuQnerrk/photo.jpg",
                      "roleId": 2,
                      "updatedAt": "2018-03-20T15:45:48.778Z",
                      "username": "Mercy Muchai",
                    },
                  ],
                  "categoryId": 4,
                  "chats": Array [],
                  "createdAt": "2018-03-20T15:48:15.380Z",
                  "dateOccurred": "2018-02-02T00:00:00.000Z",
                  "description": "Some random thing happened and I didnt like it",
                  "id": "cjezu2kr700010wx1yy6kxu5z",
                  "levelId": 1,
                  "locationId": "cjezu2kqo00000wx1a5u0i2xt",
                  "notes": Array [],
                  "reporter": Object {
                    "createdAt": "2018-03-20T15:45:48.778Z",
                    "email": "caroline.nkirote@andela.com",
                    "id": "-KhLsLqucbC1WAMylcFt",
                    "imageUrl": "https://lh4.googleusercontent.com/-rVipu2W1sBk/AAAAAAAAAAI/AAAAAAAAACQ/rOgW25IUgb8/photo.jpg",
                    "roleId": 2,
                    "updatedAt": "2018-03-20T15:45:48.778Z",
                    "username": "Caroline Nkirote",
                  },
                  "statusId": 2,
                  "subject": "Theft",
                  "updatedAt": "2018-03-21T09:02:41.309Z",
                },
                Object {
                  "Level": Object {
                    "name": "Yellow",
                  },
                  "Location": Object {
                    "centre": "Lagos",
                    "country": "Nigeria",
                    "name": "First Floor",
                  },
                  "Status": Object {
                    "status": "In Progress",
                  },
                  "assignees": Array [
                    Object {
                      "assignedRole": "ccd",
                      "createdAt": "2018-03-20T15:45:48.778Z",
                      "email": "caroline.nkirote@andela.com",
                      "id": "-KhLsLqucbC1WAMylcFt",
                      "imageUrl": "https://lh4.googleusercontent.com/-rVipu2W1sBk/AAAAAAAAAAI/AAAAAAAAACQ/rOgW25IUgb8/photo.jpg",
                      "roleId": 2,
                      "updatedAt": "2018-03-20T15:45:48.778Z",
                      "username": "Caroline Nkirote",
                    },
                    Object {
                      "assignedRole": "assignee",
                      "createdAt": "2018-03-20T15:45:48.778Z",
                      "email": "mercy.muchai@andela.com",
                      "id": "-KhLsOxrKcKZC8i2n888",
                      "imageUrl": "https://lh3.googleusercontent.com/-XxYl2Ryrfns/AAAAAAAAAAI/AAAAAAAAABg/QJRPuQnerrk/photo.jpg",
                      "roleId": 2,
                      "updatedAt": "2018-03-20T15:45:48.778Z",
                      "username": "Mercy Muchai",
                    },
                  ],
                  "categoryId": 4,
                  "createdAt": "2018-03-20T15:48:15.380Z",
                  "dateOccurred": "2018-02-02T00:00:00.000Z",
                  "description": "Some other random thing happened and I hated it",
                  "id": "cjezu2kr700010wx1yy6kxu5y",
                  "levelId": 1,
                  "locationId": "cjezu2kqo00000wx1a5u0i2xt",
                  "reporter": Object {
                    "createdAt": "2018-03-20T15:45:48.778Z",
                    "email": "caroline.nkirote@andela.com",
                    "id": "-KhLsLqucbC1WAMylcFt",
                    "imageUrl": "https://lh4.googleusercontent.com/-rVipu2W1sBk/AAAAAAAAAAI/AAAAAAAAACQ/rOgW25IUgb8/photo.jpg",
                    "roleId": 2,
                    "updatedAt": "2018-03-20T15:45:48.778Z",
                    "username": "Caroline Nkirote",
                  },
                  "statusId": 2,
                  "subject": "Fighting",
                  "updatedAt": "2018-03-21T09:02:41.309Z",
                },
              ]
            }
            isError={false}
            isLoading={false}
            loadIncidents={
              [MockFunction] {
                "calls": Array [
                  Array [],
                ],
              }
            }
            location={Object {}}
            notify={true}
            showSearch={true}
          />,
          <div>
            <IncidentFilter
              changeCountryFilter={[Function]}
              changeMineAll={[Function]}
              changeTime={[Function]}
              filterByFlag={[Function]}
              filterByType={[Function]}
              incident={undefined}
            />
            <div
              className="dashboard-container"
            >
              <IncidentList
                incidents={Array []}
                incidentsType="Pending"
              />
            </div>
          </div>,
          <CustomNotification
            message="Oops! Something went wrong. Please try again."
            open={false}
            type="error"
          />,
        ],
      },
      "ref": null,
      "rendered": Array [
        Object {
          "instance": null,
          "key": undefined,
          "nodeType": "class",
          "props": Object {
            "errorMessage": "Oops! Something went wrong. Please try again.",
            "history": Object {},
            "incidents": Array [
              Object {
                "Level": Object {
                  "name": "Red",
                },
                "Location": Object {
                  "centre": "Nairobi",
                  "country": "Kenya",
                  "name": "Quiet Room",
                },
                "Status": Object {
                  "status": "In Progress",
                },
                "assignees": Array [
                  Object {
                    "assignedRole": "ccd",
                    "createdAt": "2018-03-20T15:45:48.778Z",
                    "email": "caroline.nkirote@andela.com",
                    "id": "-KhLsLqucbC1WAMylcFt",
                    "imageUrl": "https://lh4.googleusercontent.com/-rVipu2W1sBk/AAAAAAAAAAI/AAAAAAAAACQ/rOgW25IUgb8/photo.jpg",
                    "roleId": 2,
                    "updatedAt": "2018-03-20T15:45:48.778Z",
                    "username": "Caroline Nkirote",
                  },
                  Object {
                    "assignedRole": "assignee",
                    "createdAt": "2018-03-20T15:45:48.778Z",
                    "email": "mercy.muchai@andela.com",
                    "id": "-KhLsOxrKcKZC8i2n888",
                    "imageUrl": "https://lh3.googleusercontent.com/-XxYl2Ryrfns/AAAAAAAAAAI/AAAAAAAAABg/QJRPuQnerrk/photo.jpg",
                    "roleId": 2,
                    "updatedAt": "2018-03-20T15:45:48.778Z",
                    "username": "Mercy Muchai",
                  },
                ],
                "categoryId": 4,
                "chats": Array [],
                "createdAt": "2018-03-20T15:48:15.380Z",
                "dateOccurred": "2018-02-02T00:00:00.000Z",
                "description": "Some random thing happened and I didnt like it",
                "id": "cjezu2kr700010wx1yy6kxu5z",
                "levelId": 1,
                "locationId": "cjezu2kqo00000wx1a5u0i2xt",
                "notes": Array [],
                "reporter": Object {
                  "createdAt": "2018-03-20T15:45:48.778Z",
                  "email": "caroline.nkirote@andela.com",
                  "id": "-KhLsLqucbC1WAMylcFt",
                  "imageUrl": "https://lh4.googleusercontent.com/-rVipu2W1sBk/AAAAAAAAAAI/AAAAAAAAACQ/rOgW25IUgb8/photo.jpg",
                  "roleId": 2,
                  "updatedAt": "2018-03-20T15:45:48.778Z",
                  "username": "Caroline Nkirote",
                },
                "statusId": 2,
                "subject": "Theft",
                "updatedAt": "2018-03-21T09:02:41.309Z",
              },
              Object {
                "Level": Object {
                  "name": "Yellow",
                },
                "Location": Object {
                  "centre": "Lagos",
                  "country": "Nigeria",
                  "name": "First Floor",
                },
                "Status": Object {
                  "status": "In Progress",
                },
                "assignees": Array [
                  Object {
                    "assignedRole": "ccd",
                    "createdAt": "2018-03-20T15:45:48.778Z",
                    "email": "caroline.nkirote@andela.com",
                    "id": "-KhLsLqucbC1WAMylcFt",
                    "imageUrl": "https://lh4.googleusercontent.com/-rVipu2W1sBk/AAAAAAAAAAI/AAAAAAAAACQ/rOgW25IUgb8/photo.jpg",
                    "roleId": 2,
                    "updatedAt": "2018-03-20T15:45:48.778Z",
                    "username": "Caroline Nkirote",
                  },
                  Object {
                    "assignedRole": "assignee",
                    "createdAt": "2018-03-20T15:45:48.778Z",
                    "email": "mercy.muchai@andela.com",
                    "id": "-KhLsOxrKcKZC8i2n888",
                    "imageUrl": "https://lh3.googleusercontent.com/-XxYl2Ryrfns/AAAAAAAAAAI/AAAAAAAAABg/QJRPuQnerrk/photo.jpg",
                    "roleId": 2,
                    "updatedAt": "2018-03-20T15:45:48.778Z",
                    "username": "Mercy Muchai",
                  },
                ],
                "categoryId": 4,
                "createdAt": "2018-03-20T15:48:15.380Z",
                "dateOccurred": "2018-02-02T00:00:00.000Z",
                "description": "Some other random thing happened and I hated it",
                "id": "cjezu2kr700010wx1yy6kxu5y",
                "levelId": 1,
                "locationId": "cjezu2kqo00000wx1a5u0i2xt",
                "reporter": Object {
                  "createdAt": "2018-03-20T15:45:48.778Z",
                  "email": "caroline.nkirote@andela.com",
                  "id": "-KhLsLqucbC1WAMylcFt",
                  "imageUrl": "https://lh4.googleusercontent.com/-rVipu2W1sBk/AAAAAAAAAAI/AAAAAAAAACQ/rOgW25IUgb8/photo.jpg",
                  "roleId": 2,
                  "updatedAt": "2018-03-20T15:45:48.778Z",
                  "username": "Caroline Nkirote",
                },
                "statusId": 2,
                "subject": "Fighting",
                "updatedAt": "2018-03-21T09:02:41.309Z",
              },
            ],
            "isError": false,
            "isLoading": false,
            "loadIncidents": [MockFunction] {
              "calls": Array [
                Array [],
              ],
            },
            "location": Object {},
            "notify": true,
            "showSearch": true,
          },
          "ref": null,
          "rendered": null,
          "type": [Function],
        },
        Object {
          "instance": null,
          "key": undefined,
          "nodeType": "host",
          "props": Object {
            "children": Array [
              <IncidentFilter
                changeCountryFilter={[Function]}
                changeMineAll={[Function]}
                changeTime={[Function]}
                filterByFlag={[Function]}
                filterByType={[Function]}
                incident={undefined}
              />,
              <div
                className="dashboard-container"
              >
                <IncidentList
                  incidents={Array []}
                  incidentsType="Pending"
                />
              </div>,
            ],
          },
          "ref": null,
          "rendered": Array [
            Object {
              "instance": null,
              "key": undefined,
              "nodeType": "class",
              "props": Object {
                "changeCountryFilter": [Function],
                "changeMineAll": [Function],
                "changeTime": [Function],
                "filterByFlag": [Function],
                "filterByType": [Function],
                "incident": undefined,
              },
              "ref": null,
              "rendered": null,
              "type": [Function],
            },
            Object {
              "instance": null,
              "key": undefined,
              "nodeType": "host",
              "props": Object {
                "children": <IncidentList
                  incidents={Array []}
                  incidentsType="Pending"
                />,
                "className": "dashboard-container",
              },
              "ref": null,
              "rendered": Object {
                "instance": null,
                "key": undefined,
                "nodeType": "class",
                "props": Object {
                  "incidents": Array [],
                  "incidentsType": "Pending",
                },
                "ref": null,
                "rendered": null,
                "type": [Function],
              },
              "type": "div",
            },
          ],
          "type": "div",
        },
        Object {
          "instance": null,
          "key": undefined,
          "nodeType": "function",
          "props": Object {
            "message": "Oops! Something went wrong. Please try again.",
            "open": false,
            "type": "error",
          },
          "ref": null,
          "rendered": null,
          "type": [Function],
        },
      ],
      "type": "div",
    },
  ],
  Symbol(enzyme.__options__): Object {
    "adapter": ReactSixteenAdapter {
      "options": Object {
        "enableComponentDidUpdateOnSetState": true,
        "legacyContextMode": "parent",
        "lifecycles": Object {
          "componentDidUpdate": Object {
            "onSetState": true,
          },
          "getChildContext": Object {
            "calledByRenderer": false,
          },
          "getDerivedStateFromProps": true,
          "getSnapshotBeforeUpdate": true,
          "setState": Object {
            "skipsComponentDidUpdateOnNullish": true,
          },
        },
      },
    },
  },
}
`;
