// Jest Snapshot v1, https://goo.gl/fbAQLP

exports[`Timeline Chat component should have all the Timeline Chat content 1`] = `undefined`;
